
  ___  ____  ____  ____  ____ (R)
 /__    /   ____/   /   ____/
___/   /   /___/   /   /___/   15.1   Copyright 1985-2017 StataCorp LLC
  Statistics/Data Analysis            StataCorp
                                      4905 Lakeway Drive
                                      College Station, Texas 77845 USA
                                      800-STATA-PC        http://www.stata.com
                                      979-696-4600        stata@stata.com
                                      979-696-4601 (fax)

Single-user Stata license expires 19 Mar 2019:
       Serial number:  301509290780
         Licensed to:  Travis Williams
                       Earth Lab

Notes:
      1.  Stata is running in batch mode.
      2.  Unicode is supported; see help unicode_advice.

. do STATA/models/py_template_linux.do data/tables/rmw/py_temp.csv logweight L1
> 2.logweight price winter1 spring1 summer1 fall1 i.time     

. //clear everything out
. clear all

. 
. //Includes function, up to comma
. local which `1'

. // Two files, one temp for aggregatation & one to stay the same
. 
. //Increase matrix size
. set matsize 600

. 
. // import data
. import delimited `which'
(79 vars, 5,604 obs)

. //import delimited "data/tables/rmw/noaa_500_standardized_central_all.csv"
. 
. // create formula 
. local y `2'

. display y
103340.52

. local x1 `3'

. local x2 `4'

. local x3 `5'

. local x4 `6'

. local x5 `7'

. local x6 `8'

. local x7 `9'

. local x8 `10'

. local x9 `11'

. local x10 `12'

. 
. // Set date and time 
. egen id = group(polyid)

. g time = ym(year,month)

. xtset id time
       panel variable:  id (unbalanced)
        time variable:  time, 504 to 702, but with gaps
                delta:  1 unit

. 
. /////////////////////////////////////////////////////////////////////////////
> ///
> //////////////////////////////// Model #1 ///////////////////////////////////
> ///        
> /////////////////////////////////////////////////////////////////////////////
> ///
> eststo: xtreg `y' `x1' `x2' `x3' `x4' `x5' `x6' `x7' `x8' `x9' `x10', fe vce(
> robust) 

Fixed-effects (within) regression               Number of obs     =      4,960
Group variable: id                              Number of groups  =         40

R-sq:                                           Obs per group:
     within  = 0.7218                                         min =          9
     between = 0.9330                                         avg =      124.0
     overall = 0.7302                                         max =        186

                                                F(39,39)          =          .
corr(u_i, Xb)  = 0.3019                         Prob > F          =          .

                                    (Std. Err. adjusted for 40 clusters in id)
------------------------------------------------------------------------------
             |               Robust
   logweight |      Coef.   Std. Err.      t    P>|t|     [95% Conf. Interval]
-------------+----------------------------------------------------------------
   logweight |
        L12. |   .4894722   .0505307     9.69   0.000     .3872642    .5916802
             |
       price |  -.0012414   .0002318    -5.35   0.000    -.0017103   -.0007725
     winter1 |   .0150806   .0090589     1.66   0.104    -.0032428     .033404
     spring1 |   .0035486   .0071827     0.49   0.624    -.0109797     .018077
     summer1 |  -.0000215   .0116252    -0.00   0.999    -.0235356    .0234927
       fall1 |  -.0145968   .0084504    -1.73   0.092    -.0316892    .0024957
             |
        time |
        517  |   .0086584   .0110464     0.78   0.438    -.0136851    .0310019
        518  |     .02455   .0099068     2.48   0.018     .0045115    .0445884
        519  |   .0316509   .0088515     3.58   0.001     .0137469    .0495548
        520  |   .0204655   .0178596     1.15   0.259    -.0156589    .0565898
        521  |   .0205282   .0221605     0.93   0.360    -.0242956     .065352
        522  |   .1169957   .0556691     2.10   0.042     .0043943     .229597
        523  |   .1592852   .0232174     6.86   0.000     .1123237    .2062467
        524  |   .0920701   .0228826     4.02   0.000     .0457857    .1383545
        525  |   -.053384   .0186416    -2.86   0.007    -.0910902   -.0156778
        526  |  -.0539867   .0139833    -3.86   0.000    -.0822707   -.0257028
        527  |  -.0198477   .0134268    -1.48   0.147    -.0470058    .0073105
        528  |   .0443417   .0086151     5.15   0.000     .0269159    .0617674
        529  |   .0358078   .0095406     3.75   0.001     .0165102    .0551054
        530  |   .0373738   .0101031     3.70   0.001     .0169383    .0578093
        531  |   .0358483   .0109091     3.29   0.002     .0137824    .0579141
        532  |   .0829395   .0154525     5.37   0.000     .0516838    .1141951
        533  |   .1142436   .0283183     4.03   0.000     .0569644    .1715227
        534  |   .0680522   .0305464     2.23   0.032     .0062662    .1298381
        535  |   .0864812   .0277951     3.11   0.003     .0302602    .1427021
        536  |   .0842394   .0216322     3.89   0.000     .0404841    .1279948
        537  |   .0103559   .0146075     0.71   0.483    -.0191907    .0399024
        538  |    .004034   .0153533     0.26   0.794    -.0270209    .0350889
        539  |   .0170822   .0105341     1.62   0.113    -.0042251    .0383895
        540  |   .0459385   .0101126     4.54   0.000     .0254838    .0663932
        541  |   .0636032   .0113597     5.60   0.000     .0406261    .0865804
        542  |   .0835588   .0138019     6.05   0.000     .0556418    .1114757
        543  |   .1012854   .0157811     6.42   0.000     .0693651    .1332056
        544  |   .1086003   .0169803     6.40   0.000     .0742544    .1429463
        545  |   .1268593   .0342974     3.70   0.001     .0574863    .1962324
        546  |   .1468411   .0276914     5.30   0.000       .09083    .2028521
        547  |   .1408703   .0259189     5.44   0.000     .0884445    .1932962
        548  |   .1317935   .0209602     6.29   0.000     .0893976    .1741895
        549  |   .0080597   .0143421     0.56   0.577      -.02095    .0370695
        550  |  -.0222721   .0121618    -1.83   0.075    -.0468717    .0023274
        551  |   .0189536   .0146876     1.29   0.204    -.0107549    .0486621
        552  |    .042792   .0119269     3.59   0.001     .0186676    .0669164
        553  |   .0670015   .0148761     4.50   0.000     .0369118    .0970911
        554  |   .0640916   .0159316     4.02   0.000      .031867    .0963163
        555  |   .0662929   .0158425     4.18   0.000     .0342483    .0983375
        556  |   .0665869   .0215062     3.10   0.004     .0230865    .1100873
        557  |   .0899877   .0245456     3.67   0.001     .0403397    .1396358
        558  |   .1163888   .0188133     6.19   0.000     .0783352    .1544423
        559  |   .0677608   .0376147     1.80   0.079     -.008322    .1438437
        560  |  -.0302858    .022157    -1.37   0.179    -.0751025     .014531
        561  |  -.0384928   .0127787    -3.01   0.005    -.0643402   -.0126455
        562  |  -.0189147   .0123069    -1.54   0.132    -.0438077    .0059783
        563  |   .0063852   .0102367     0.62   0.536    -.0143205    .0270909
        564  |   .0413838   .0094472     4.38   0.000     .0222751    .0604925
        565  |   .0524399   .0124098     4.23   0.000     .0273386    .0775411
        566  |   .0522289   .0110515     4.73   0.000     .0298752    .0745826
        567  |   .0463625    .015054     3.08   0.004      .015913     .076812
        568  |   .0760246   .0174904     4.35   0.000      .040647    .1114023
        569  |   .0901549   .0319903     2.82   0.008     .0254484    .1548614
        570  |    .127759   .0269126     4.75   0.000     .0733232    .1821948
        571  |   .1479245   .0395851     3.74   0.001      .067856     .227993
        572  |   .1417191   .0131115    10.81   0.000     .1151985    .1682397
        573  |   -.017139   .0156717    -1.09   0.281     -.048838    .0145599
        574  |  -.0419506    .010781    -3.89   0.000    -.0637573    -.020144
        575  |  -.0293737   .0098568    -2.98   0.005     -.049311   -.0094364
        576  |   .0061537   .0080566     0.76   0.450    -.0101423    .0224497
        577  |   .0288414   .0117822     2.45   0.019     .0050097    .0526732
        578  |   .0371408   .0118753     3.13   0.003     .0131208    .0611609
        579  |   .0532655   .0125615     4.24   0.000     .0278575    .0786735
        580  |   .0548196    .015718     3.49   0.001     .0230269    .0866124
        581  |   .0515259   .0204633     2.52   0.016      .010135    .0929168
        582  |   .1233061   .0196182     6.29   0.000     .0836245    .1629876
        583  |   .1048425   .0216013     4.85   0.000     .0611497    .1485353
        584  |   .1226235    .022286     5.50   0.000     .0775457    .1677012
        585  |   .0226824   .0174765     1.30   0.202    -.0126671    .0580319
        586  |  -.0178147   .0118363    -1.51   0.140    -.0417557    .0061264
        587  |  -.0373576   .0093343    -4.00   0.000    -.0562379   -.0184772
        588  |   .0007759   .0081866     0.09   0.925     -.015783    .0173349
        589  |   .0023664   .0088411     0.27   0.790    -.0155165    .0202492
        590  |   .0199605   .0112882     1.77   0.085    -.0028721     .042793
        591  |   .0176094   .0107746     1.63   0.110    -.0041843    .0394031
        592  |   .0347084   .0175191     1.98   0.055    -.0007274    .0701442
        593  |     .07213   .0350697     2.06   0.046     .0011949    .1430651
        594  |   .0854144   .0362274     2.36   0.023     .0121376    .1586913
        595  |   .1350667   .0105539    12.80   0.000     .1137194     .156414
        596  |   .1151677   .0152656     7.54   0.000       .08429    .1460454
        597  |  -.0049275   .0127138    -0.39   0.700    -.0306435    .0207886
        598  |   -.061967    .009984    -6.21   0.000    -.0821616   -.0417724
        599  |  -.0429696   .0097972    -4.39   0.000    -.0627863   -.0231528
        600  |  -.0019591   .0088815    -0.22   0.827    -.0199237    .0160055
        601  |   .0161087   .0112678     1.43   0.161    -.0066825       .0389
        602  |   .0071422   .0129204     0.55   0.584    -.0189918    .0332762
        603  |   .0271491   .0142398     1.91   0.064    -.0016536    .0559517
        604  |   .0585601   .0146368     4.00   0.000     .0289544    .0881659
        605  |   .0850337   .0196014     4.34   0.000     .0453863    .1246812
        606  |   .1279423   .0231704     5.52   0.000     .0810758    .1748089
        607  |   .1043216   .0247473     4.22   0.000     .0542654    .1543777
        608  |   .0903907   .0217499     4.16   0.000     .0463974    .1343839
        609  |  -.0229967   .0146039    -1.57   0.123    -.0525358    .0065424
        610  |  -.0457768   .0124795    -3.67   0.001    -.0710189   -.0205347
        611  |  -.0020697   .0122879    -0.17   0.867    -.0269243    .0227849
        612  |   .0387928   .0146751     2.64   0.012     .0091096     .068476
        613  |   .0623384   .0143492     4.34   0.000     .0333143    .0913624
        614  |   .0783417   .0153083     5.12   0.000     .0473777    .1093056
        615  |   .0985692   .0152163     6.48   0.000     .0677914    .1293471
        616  |   .1122878    .026297     4.27   0.000     .0590971    .1654785
        617  |   .0961462     .04449     2.16   0.037     .0061568    .1861356
        618  |   .1360345   .0358632     3.79   0.001     .0634944    .2085747
        619  |    .158242   .0295048     5.36   0.000     .0985629    .2179212
        620  |   .1534079   .0274518     5.59   0.000     .0978815    .2089344
        621  |   .0468351   .0158054     2.96   0.005     .0148655    .0788046
        622  |   .0182239   .0166389     1.10   0.280    -.0154314    .0518792
        623  |   .0348795   .0176918     1.97   0.056    -.0009056    .0706646
        624  |   .0880192   .0191186     4.60   0.000     .0493481    .1266902
        625  |   .1087561   .0241451     4.50   0.000      .059918    .1575941
        626  |   .1038875   .0244639     4.25   0.000     .0544045    .1533704
        627  |   .1125626   .0228221     4.93   0.000     .0664005    .1587247
        628  |   .1192937   .0267434     4.46   0.000        .0652    .1733874
        629  |   .1550795   .0255033     6.08   0.000     .1034941    .2066648
        630  |    .132195   .0174853     7.56   0.000     .0968276    .1675623
        631  |   .0890376   .0261794     3.40   0.002     .0360848    .1419903
        632  |  -.0071593   .0263485    -0.27   0.787    -.0604542    .0461356
        633  |  -.0269778   .0216492    -1.25   0.220    -.0707674    .0168118
        634  |  -.0013909   .0207725    -0.07   0.947    -.0434072    .0406254
        635  |   .0241129   .0203999     1.18   0.244    -.0171498    .0653756
        636  |   .0670024    .018866     3.55   0.001     .0288423    .1051625
        637  |   .0708756   .0275713     2.57   0.014     .0151072    .1266439
        638  |   .0851071   .0268703     3.17   0.003     .0307567    .1394575
        639  |   .1136915   .0201829     5.63   0.000     .0728676    .1545153
        640  |   .0849772   .0212352     4.00   0.000     .0420249    .1279295
        641  |   .1022028   .0275659     3.71   0.001     .0464455    .1579601
        642  |   .1478548   .0409851     3.61   0.001     .0649546    .2307549
        643  |   .1822996   .0328517     5.55   0.000     .1158508    .2487485
        644  |   .1863878   .0304661     6.12   0.000     .1247643    .2480113
        645  |   .0808467   .0223336     3.62   0.001     .0356727    .1260207
        646  |   .0516481   .0223197     2.31   0.026     .0065023     .096794
        647  |   .0873521   .0273291     3.20   0.003     .0320738    .1426304
        648  |   .1300003   .0258619     5.03   0.000     .0776896    .1823109
        649  |   .1268705    .030598     4.15   0.000     .0649801    .1887609
        650  |    .156258   .0270118     5.78   0.000     .1016215    .2108945
        651  |   .1318761    .035488     3.72   0.001     .0600949    .2036573
        652  |   .2122886   .0431307     4.92   0.000     .1250486    .2995286
        653  |   .2366906   .0422573     5.60   0.000     .1512171    .3221642
        654  |   .2728104   .0471227     5.79   0.000     .1774956    .3681251
        655  |   .2952946   .0506604     5.83   0.000     .1928243    .3977649
        656  |   .2929528   .0422346     6.94   0.000     .2075253    .3783804
        657  |   .2059888   .0416144     4.95   0.000     .1218156    .2901619
        658  |    .186598   .0408351     4.57   0.000     .1040012    .2691948
        659  |   .2050234   .0406062     5.05   0.000     .1228896    .2871573
        660  |   .2199614    .037863     5.81   0.000     .1433762    .2965466
        661  |   .2158682   .0424971     5.08   0.000     .1299096    .3018267
        662  |   .2277643   .0454279     5.01   0.000     .1358776     .319651
        663  |   .2448546   .0375606     6.52   0.000     .1688812     .320828
        664  |   .2426223   .0478063     5.08   0.000      .145925    .3393197
        665  |    .266726   .0479291     5.57   0.000     .1697801    .3636718
        666  |   .2926797   .0463472     6.31   0.000     .1989337    .3864257
        667  |   .2461073   .0501819     4.90   0.000     .1446048    .3476098
        668  |   .2347317   .0319195     7.35   0.000     .1701685    .2992949
        669  |   .1122209   .0276833     4.05   0.000     .0562262    .1682156
        670  |   .0659319   .0256208     2.57   0.014     .0141089    .1177549
        671  |   .0409414    .017665     2.32   0.026     .0052106    .0766723
        672  |   .0917264   .0216198     4.24   0.000     .0479963    .1354566
        673  |   .1017881   .0268744     3.79   0.001     .0474296    .1561467
        674  |   .1156124   .0220116     5.25   0.000     .0710898     .160135
        675  |   .1026171    .025354     4.05   0.000     .0513338    .1539004
        676  |   .1333578   .0233593     5.71   0.000     .0861091    .1806065
        677  |   .1500335   .0352439     4.26   0.000      .078746    .2213209
        678  |   .1715162   .0309138     5.55   0.000     .1089871    .2340454
        679  |   .1899605   .0285679     6.65   0.000     .1321764    .2477446
        680  |     .15812   .0259589     6.09   0.000     .1056132    .2106268
        681  |   .0056107   .0148035     0.38   0.707    -.0243322    .0355536
        682  |   .0146375   .0136523     1.07   0.290    -.0129769    .0422519
        683  |   .0236766   .0153096     1.55   0.130      -.00729    .0546433
        684  |   .0728482   .0161665     4.51   0.000     .0401484     .105548
        685  |   .0721159   .0226164     3.19   0.003     .0263699    .1178619
        686  |   .0943286   .0303454     3.11   0.004     .0329492     .155708
        687  |   .0963399   .0243215     3.96   0.000     .0471449    .1455348
        688  |   .1526916   .0267173     5.72   0.000     .0986508    .2067324
        689  |   .1917465    .030774     6.23   0.000     .1295002    .2539929
        690  |   .1942181   .0287164     6.76   0.000     .1361337    .2523025
        691  |   .1207603   .0359542     3.36   0.002     .0480361    .1934845
        692  |   .0782872   .0296162     2.64   0.012     .0183829    .1381916
        693  |   .0133541   .0199079     0.67   0.506    -.0269134    .0536217
        694  |  -.0106556   .0187538    -0.57   0.573    -.0485888    .0272776
        695  |   .0241241   .0215225     1.12   0.269    -.0194093    .0676576
        696  |   .1220579   .0212088     5.76   0.000     .0791591    .1649568
        697  |    .131627   .0237716     5.54   0.000     .0835444    .1797096
        698  |   .1293995   .0229975     5.63   0.000     .0828827    .1759164
        699  |   .1349865   .0218439     6.18   0.000      .090803      .17917
        700  |   .1239435   .0259876     4.77   0.000     .0713787    .1765083
        701  |   .1511536   .0268346     5.63   0.000     .0968755    .2054316
        702  |   .2969617   .0502198     5.91   0.000     .1953825    .3985409
             |
       _cons |   3.413046    .333521    10.23   0.000     2.738436    4.087656
-------------+----------------------------------------------------------------
     sigma_u |  .03444224
     sigma_e |  .06386373
         rho |  .22531876   (fraction of variance due to u_i)
------------------------------------------------------------------------------
(est1 stored)

. 
. esttab using "STATA/results/py_temp/py_result.csv", cells("b(fmt(4)) se(fmt(4
> )) p(fmt(4)star)") replace r2 plain
(output written to STATA/results/py_temp/py_result.csv)

. 
. predict predictions, xb 
(644 missing values generated)

. //predictions 
. predict predictions_u, xbu
(644 missing values generated)

. //predictions plus the fixed effect
. predict residuals, residual
(644 missing values generated)

. //residuals from standardized errors?
. predict stnderror, stdp
(644 missing values generated)

. //standardized error
. predict u, u
(644 missing values generated)

. predict e, e
(644 missing values generated)

. export delimited locale date month year dateid x y `y' weight count price adj
> _price adj_revenue lat lon predictions predictions_u residuals stnderror u e 
> using "STATA/outputs/py_temp/pyout.csv", replace
file STATA/outputs/py_temp/pyout.csv saved

. 
. clear

. 
end of do-file
