
  ___  ____  ____  ____  ____ (R)
 /__    /   ____/   /   ____/
___/   /   /___/   /   /___/   15.1   Copyright 1985-2017 StataCorp LLC
  Statistics/Data Analysis            StataCorp
                                      4905 Lakeway Drive
                                      College Station, Texas 77845 USA
                                      800-STATA-PC        http://www.stata.com
                                      979-696-4600        stata@stata.com
                                      979-696-4601 (fax)

Single-user Stata license expires 19 Mar 2019:
       Serial number:  301509290780
         Licensed to:  Travis Williams
                       University of Colorado Boulder

Notes:
      1.  Stata is running in batch mode.
      2.  Unicode is supported; see help unicode_advice.

. do STATA/models/py_template_win.do "logweight winter1 spring1 summer1 fall1 w
> inter2 spring2 summer2 fall2 i.time" data/tables/rmw/noaa_500_standardized_ce
> ntral_all.csv logweight 

. //clear everything out
. clear all

. 
. //Set variables from subroutine calls
. local formula `1'

. //Includes function, up to comma
. 
. local which `2'

. // Two files, one temp for aggregatation & one to stay the same
. 
. //Increase matrix size
. set matsize 600

. 
. // import data
. //import delimited `which'
. import delimited "data/tables/rmw/noaa_500_standardized_central_all.csv"
(77 vars, 19,550 obs)

. local y `3'

. display y
103340.52

. 
. 
. 
. // Set date and time 
. egen id = group(polyid)

. g time = ym(year,month)

. xtset id time
       panel variable:  id (unbalanced)
        time variable:  time, 504 to 702, but with gaps
                delta:  1 unit

. 
. /////////////////////////////////////////////////////////////////////////////
> ///
> //////////////////////////////// Model #1 ///////////////////////////////////
> ///        
> /////////////////////////////////////////////////////////////////////////////
> ///
> eststo: xtreg `formula', fe vce(robust) 

Fixed-effects (within) regression               Number of obs     =     19,550
Group variable: id                              Number of groups  =        140

R-sq:                                           Obs per group:
     within  = 0.2476                                         min =          1
     between = 0.0059                                         avg =      139.6
     overall = 0.0592                                         max =        199

                                                F(138,139)        =          .
corr(u_i, Xb)  = -0.0247                        Prob > F          =          .

                                   (Std. Err. adjusted for 140 clusters in id)
------------------------------------------------------------------------------
             |               Robust
   logweight |      Coef.   Std. Err.      t    P>|t|     [95% Conf. Interval]
-------------+----------------------------------------------------------------
     winter1 |  -.0064536   .0090537    -0.71   0.477    -.0243543    .0114472
     spring1 |   -.002186   .0084468    -0.26   0.796    -.0188868    .0145149
     summer1 |   .0060846   .0103603     0.59   0.558    -.0143996    .0265688
       fall1 |  -.0268832   .0096134    -2.80   0.006    -.0458905   -.0078758
     winter2 |  -.0014442   .0100091    -0.14   0.885    -.0212339    .0183456
     spring2 |   .0056168   .0083043     0.68   0.500    -.0108024    .0220359
     summer2 |   -.011183   .0124659    -0.90   0.371    -.0358304    .0134643
       fall2 |  -.0112001   .0099244    -1.13   0.261    -.0308223    .0084222
             |
        time |
        505  |   .0177151   .0046063     3.85   0.000     .0086075    .0268226
        506  |   .0302836   .0059917     5.05   0.000     .0184371    .0421302
        507  |   .0176919   .0074132     2.39   0.018     .0030345    .0323492
        508  |   .0439835   .0100789     4.36   0.000     .0240556    .0639114
        509  |   .0555816   .0118221     4.70   0.000     .0322071     .078956
        510  |    .028688   .0126562     2.27   0.025     .0036644    .0537116
        511  |   .0095545   .0157713     0.61   0.546    -.0216281    .0407371
        512  |  -.0104881   .0127971    -0.82   0.414    -.0357902     .014814
        513  |    -.05209   .0110375    -4.72   0.000    -.0739132   -.0302668
        514  |  -.0702047   .0098016    -7.16   0.000    -.0895842   -.0508252
        515  |  -.0532222   .0073346    -7.26   0.000    -.0677241   -.0387203
        516  |  -.0111113   .0056217    -1.98   0.050    -.0222263    3.77e-06
        517  |   .0168284   .0060419     2.79   0.006     .0048824    .0287744
        518  |   .0301308   .0072517     4.16   0.000      .015793    .0444687
        519  |    .023943   .0084486     2.83   0.005     .0072387    .0406474
        520  |   .0287581    .009571     3.00   0.003     .0098346    .0476816
        521  |   .0538466   .0102262     5.27   0.000     .0336276    .0740655
        522  |    .064604   .0143115     4.51   0.000     .0363076    .0929004
        523  |   .0595799   .0125158     4.76   0.000      .034834    .0843258
        524  |   .0084665   .0121222     0.70   0.486    -.0155012    .0324341
        525  |  -.0835597   .0092111    -9.07   0.000    -.1017717   -.0653478
        526  |  -.0826095   .0082536   -10.01   0.000    -.0989285   -.0662906
        527  |  -.0580843   .0066107    -8.79   0.000    -.0711548   -.0450138
        528  |   .0082938   .0059338     1.40   0.164    -.0034384     .020026
        529  |   .0149401   .0068978     2.17   0.032     .0013019    .0285783
        530  |   .0076882   .0074186     1.04   0.302    -.0069796     .022356
        531  |  -.0021513   .0080566    -0.27   0.790    -.0180807    .0137781
        532  |   .0339924   .0089839     3.78   0.000     .0162296    .0517553
        533  |   .0491261   .0096415     5.10   0.000     .0300633     .068189
        534  |   .0462909    .010933     4.23   0.000     .0246745    .0679073
        535  |   .0414366   .0115341     3.59   0.000     .0186316    .0642415
        536  |   .0263719   .0103047     2.56   0.012     .0059977     .046746
        537  |  -.0375553   .0072889    -5.15   0.000    -.0519667   -.0231439
        538  |  -.0472927   .0064307    -7.35   0.000    -.0600074    -.034578
        539  |  -.0280871   .0058993    -4.76   0.000     -.039751   -.0164232
        540  |   .0174435   .0061716     2.83   0.005     .0052411    .0296459
        541  |   .0201684   .0070418     2.86   0.005     .0062455    .0340914
        542  |   .0124996   .0085204     1.47   0.145    -.0043468     .029346
        543  |   .0165343   .0092037     1.80   0.075     -.001663    .0347317
        544  |    .038203   .0100927     3.79   0.000     .0182478    .0581581
        545  |   .0673792   .0116129     5.80   0.000     .0444184    .0903399
        546  |   .0687635   .0125981     5.46   0.000     .0438548    .0936723
        547  |   .0612316   .0126148     4.85   0.000       .03629    .0861733
        548  |    .039029   .0116747     3.34   0.001      .015946    .0621119
        549  |   -.038663   .0077177    -5.01   0.000    -.0539223   -.0234038
        550  |  -.0414344   .0066939    -6.19   0.000    -.0546694   -.0281995
        551  |  -.0207931   .0053234    -3.91   0.000    -.0313183   -.0102678
        552  |   .0230072   .0056385     4.08   0.000     .0118588    .0341556
        553  |   .0279726    .006896     4.06   0.000     .0143379    .0416073
        554  |   .0246202   .0083632     2.94   0.004     .0080846    .0411558
        555  |   .0186583   .0084571     2.21   0.029      .001937    .0353796
        556  |   .0423593   .0097701     4.34   0.000      .023042    .0616766
        557  |   .0585603   .0113261     5.17   0.000     .0361666     .080954
        558  |   .0511487   .0119639     4.28   0.000      .027494    .0748034
        559  |    .023604   .0121402     1.94   0.054    -.0003994    .0476073
        560  |  -.0162309   .0096893    -1.68   0.096    -.0353884    .0029266
        561  |  -.0455961   .0075987    -6.00   0.000    -.0606202   -.0305721
        562  |  -.0442061   .0071755    -6.16   0.000    -.0583933   -.0300189
        563  |  -.0100893   .0061279    -1.65   0.102    -.0222052    .0020266
        564  |   .0264458   .0065715     4.02   0.000     .0134529    .0394388
        565  |   .0474513   .0069148     6.86   0.000     .0337794    .0611231
        566  |   .0352828    .007444     4.74   0.000     .0205648    .0500009
        567  |   .0202738   .0081828     2.48   0.014      .004095    .0364526
        568  |   .0464761   .0096231     4.83   0.000     .0274495    .0655027
        569  |   .0736977   .0101946     7.23   0.000     .0535411    .0938542
        570  |   .0823929   .0108476     7.60   0.000     .0609453    .1038406
        571  |   .0821996   .0124349     6.61   0.000     .0576136    .1067856
        572  |   .0436832    .010093     4.33   0.000     .0237275    .0636389
        573  |  -.0331853   .0090323    -3.67   0.000    -.0510437   -.0153269
        574  |  -.0417052   .0080835    -5.16   0.000    -.0576877   -.0257227
        575  |  -.0182961       .007    -2.61   0.010    -.0321365   -.0044558
        576  |   .0105389   .0056177     1.88   0.063    -.0005683    .0216461
        577  |   .0342921   .0061604     5.57   0.000     .0221118    .0464723
        578  |   .0279452   .0070805     3.95   0.000     .0139458    .0419446
        579  |   .0166113   .0079017     2.10   0.037     .0009882    .0322344
        580  |   .0314007   .0083212     3.77   0.000     .0149482    .0478533
        581  |   .0487802   .0085725     5.69   0.000     .0318307    .0657296
        582  |   .0742874   .0112712     6.59   0.000     .0520022    .0965727
        583  |   .0779265   .0115939     6.72   0.000     .0550033    .1008497
        584  |   .0649386   .0115423     5.63   0.000     .0421176    .0877597
        585  |  -.0048284   .0089857    -0.54   0.592    -.0225947    .0129378
        586  |   -.014936   .0078343    -1.91   0.059    -.0304257    .0005538
        587  |  -.0124809   .0073399    -1.70   0.091    -.0269932    .0020314
        588  |   .0198796   .0059597     3.34   0.001     .0080963    .0316629
        589  |   .0222801   .0056309     3.96   0.000     .0111469    .0334133
        590  |   .0260794   .0068643     3.80   0.000     .0125074    .0396514
        591  |   .0187994    .006981     2.69   0.008     .0049967     .032602
        592  |    .026531   .0089297     2.97   0.003     .0088755    .0441866
        593  |   .0517302   .0098888     5.23   0.000     .0321783    .0712822
        594  |   .0728809   .0129634     5.62   0.000     .0472501    .0985118
        595  |   .0950738   .0109608     8.67   0.000     .0734023    .1167454
        596  |   .0734038    .011068     6.63   0.000     .0515204    .0952872
        597  |   .0008721   .0081804     0.11   0.915    -.0153019    .0170462
        598  |  -.0359669   .0077158    -4.66   0.000    -.0512223   -.0207114
        599  |  -.0221343   .0066424    -3.33   0.001    -.0352675   -.0090012
        600  |   .0162041   .0065395     2.48   0.014     .0032744    .0291339
        601  |   .0211118   .0065803     3.21   0.002     .0081013    .0341222
        602  |   .0161621    .006554     2.47   0.015     .0032037    .0291205
        603  |   .0046771   .0066186     0.71   0.481     -.008409    .0177632
        604  |   .0280977   .0084668     3.32   0.001     .0113573    .0448381
        605  |   .0695304   .0107312     6.48   0.000     .0483128     .090748
        606  |   .0845822   .0104747     8.07   0.000     .0638718    .1052926
        607  |   .0790022   .0111722     7.07   0.000     .0569128    .1010917
        608  |   .0625911   .0113751     5.50   0.000     .0401005    .0850817
        609  |  -.0202161   .0084292    -2.40   0.018    -.0368821   -.0035502
        610  |  -.0487293   .0080704    -6.04   0.000    -.0646859   -.0327727
        611  |  -.0350971    .006796    -5.16   0.000    -.0485339   -.0216603
        612  |  -.0019476   .0058896    -0.33   0.741    -.0135925    .0096972
        613  |   .0171165   .0063846     2.68   0.008      .004493    .0297399
        614  |   .0183756   .0069994     2.63   0.010     .0045366    .0322146
        615  |   .0105878    .007297     1.45   0.149    -.0038397    .0250153
        616  |   .0280503    .010406     2.70   0.008     .0074757    .0486249
        617  |   .0401094   .0108401     3.70   0.000     .0186766    .0615422
        618  |   .0325806   .0132913     2.45   0.015     .0063014    .0588599
        619  |   .0393417    .015107     2.60   0.010     .0094726    .0692109
        620  |   .0293163   .0151055     1.94   0.054    -.0005499    .0591824
        621  |  -.0486429    .010452    -4.65   0.000    -.0693084   -.0279773
        622  |  -.0734486   .0085696    -8.57   0.000    -.0903921   -.0565051
        623  |  -.0615484   .0075774    -8.12   0.000    -.0765302   -.0465665
        624  |  -.0121022     .00701    -1.73   0.086    -.0259623    .0017579
        625  |   .0115865   .0077758     1.49   0.138    -.0037877    .0269607
        626  |   .0097411   .0085059     1.15   0.254    -.0070766    .0265588
        627  |   .0052167   .0106037     0.49   0.624    -.0157487    .0261822
        628  |   .0374677   .0104457     3.59   0.000     .0168147    .0581207
        629  |   .0635812   .0109294     5.82   0.000     .0419718    .0851907
        630  |   .0608001   .0115831     5.25   0.000     .0378982    .0837021
        631  |   .0414231    .013937     2.97   0.003     .0138673     .068979
        632  |  -.0034249   .0115871    -0.30   0.768    -.0263347    .0194848
        633  |  -.0521295   .0108908    -4.79   0.000    -.0736625   -.0305965
        634  |  -.0604954   .0093709    -6.46   0.000    -.0790234   -.0419674
        635  |  -.0375619   .0086732    -4.33   0.000    -.0547103   -.0204135
        636  |   .0125258   .0073512     1.70   0.091    -.0020088    .0270604
        637  |   .0262842   .0086713     3.03   0.003     .0091394    .0434289
        638  |   .0431859   .0088273     4.89   0.000     .0257326    .0606391
        639  |   .0471282   .0081137     5.81   0.000     .0310858    .0631705
        640  |   .0414367   .0086238     4.80   0.000      .024386    .0584875
        641  |   .0754511   .0096506     7.82   0.000     .0563701    .0945321
        642  |   .0955632   .0109508     8.73   0.000     .0739116    .1172148
        643  |   .0876082   .0114072     7.68   0.000     .0650542    .1101621
        644  |   .0537677   .0112823     4.77   0.000     .0314606    .0760748
        645  |  -.0222716   .0098766    -2.25   0.026    -.0417995   -.0027438
        646  |  -.0452623   .0096057    -4.71   0.000    -.0642545   -.0262701
        647  |  -.0174794   .0087933    -1.99   0.049    -.0348653   -.0000935
        648  |    .016343   .0064831     2.52   0.013     .0035249    .0291612
        649  |   .0298625   .0085242     3.50   0.001     .0130088    .0467163
        650  |   .0307226   .0076473     4.02   0.000     .0156026    .0458426
        651  |  -.0012922   .0094079    -0.14   0.891    -.0198934    .0173089
        652  |   .0215673   .0122259     1.76   0.080    -.0026054      .04574
        653  |   .0512419   .0127376     4.02   0.000     .0260574    .0764263
        654  |   .0515802   .0144411     3.57   0.000     .0230275    .0801329
        655  |   .0844932   .0132423     6.38   0.000     .0583108    .1106756
        656  |   .0579319   .0117866     4.92   0.000     .0346278    .0812361
        657  |   -.012254   .0087463    -1.40   0.163    -.0295469     .005039
        658  |  -.0284007   .0082258    -3.45   0.001    -.0446645   -.0121368
        659  |  -.0012799    .008096    -0.16   0.875    -.0172872    .0147274
        660  |   .0390819   .0069267     5.64   0.000     .0253865    .0527772
        661  |   .0624566      .0089     7.02   0.000     .0448597    .0800534
        662  |   .0586985   .0087523     6.71   0.000     .0413936    .0760034
        663  |   .0320408   .0090425     3.54   0.001     .0141621    .0499194
        664  |   .0498767   .0103307     4.83   0.000      .029451    .0703023
        665  |   .0684023   .0106131     6.45   0.000     .0474183    .0893863
        666  |   .0865609   .0127348     6.80   0.000      .061382    .1117398
        667  |   .1031471   .0138628     7.44   0.000     .0757379    .1305563
        668  |   .0768111   .0133753     5.74   0.000     .0503659    .1032564
        669  |  -.0168177   .0103874    -1.62   0.108    -.0373554    .0037201
        670  |  -.0434765   .0100367    -4.33   0.000    -.0633209    -.023632
        671  |  -.0234063   .0086216    -2.71   0.007    -.0404527   -.0063598
        672  |   .0261854   .0070967     3.69   0.000     .0121539    .0402169
        673  |    .039274   .0089352     4.40   0.000     .0216076    .0569404
        674  |   .0342548   .0084731     4.04   0.000     .0175019    .0510076
        675  |   .0195593   .0094031     2.08   0.039     .0009677    .0381509
        676  |    .062505   .0107641     5.81   0.000     .0412224    .0837875
        677  |   .0812129   .0113469     7.16   0.000     .0587781    .1036477
        678  |   .1104255   .0134658     8.20   0.000     .0838012    .1370498
        679  |   .1175786   .0125677     9.36   0.000       .09273    .1424273
        680  |   .0796715    .013724     5.81   0.000     .0525366    .1068064
        681  |  -.0179152   .0104301    -1.72   0.088    -.0385374    .0027069
        682  |  -.0348426   .0095252    -3.66   0.000    -.0536757   -.0160096
        683  |  -.0253872   .0080484    -3.15   0.002    -.0413002   -.0094742
        684  |   .0268854   .0066794     4.03   0.000      .013679    .0400919
        685  |   .0328183   .0095348     3.44   0.001     .0139664    .0516702
        686  |   .0490081   .0098552     4.97   0.000     .0295225    .0684936
        687  |   .0269449   .0093232     2.89   0.004     .0085112    .0453786
        688  |   .0561554   .0103918     5.40   0.000     .0356091    .0767018
        689  |   .0974256   .0112914     8.63   0.000     .0751005    .1197507
        690  |   .1188271   .0117942    10.08   0.000     .0955079    .1421463
        691  |     .06414   .0135575     4.73   0.000     .0373343    .0909456
        692  |   .0352922   .0121795     2.90   0.004     .0112112    .0593731
        693  |  -.0595698   .0107995    -5.52   0.000    -.0809224   -.0382172
        694  |  -.0852401    .009308    -9.16   0.000    -.1036437   -.0668366
        695  |  -.0659073   .0087775    -7.51   0.000    -.0832621   -.0485526
        696  |   .0379375   .0072895     5.20   0.000     .0235249    .0523502
        697  |   .0559247   .0080307     6.96   0.000     .0400465    .0718029
        698  |   .0437057   .0095684     4.57   0.000     .0247871    .0626242
        699  |   .0386751   .0108702     3.56   0.001     .0171828    .0601673
        700  |   .0356032   .0118225     3.01   0.003     .0122281    .0589784
        701  |   .0686615    .012307     5.58   0.000     .0443283    .0929947
        702  |    .068813    .027811     2.47   0.015     .0138257    .1238003
             |
       _cons |   6.394653   .0130466   490.14   0.000     6.368857    6.420448
-------------+----------------------------------------------------------------
     sigma_u |  .13922313
     sigma_e |   .0730214
         rho |  .78425732   (fraction of variance due to u_i)
------------------------------------------------------------------------------
(est1 stored)

. 
. esttab using "STATA\results\py_temp\py_result.csv", cells("b(fmt(4)) se(fmt(4
> )) p(fmt(4)star)") replace r2 plain
(output written to STATA\results\py_temp\py_result.csv)

. 
. predict predictions, xb 

. //predictions 
. predict predictions_u, xbu

. //predictions plus the fixed effect
. predict residuals, residual

. //residuals from standardized errors?
. predict stnderror, stdp

. //standardized error
. predict u, u

. predict e, e

. export delimited locale date month year dateid x y `y' weight count price adj
> _price adj_revenue lat lon predictions predictions_u residuals stnderror u e 
> using "STATA\outputs\py_temp\pyout.csv", replace
file STATA\outputs\py_temp\pyout.csv saved

. 
. clear

. 
end of do-file
