
  ___  ____  ____  ____  ____ (R)
 /__    /   ____/   /   ____/
___/   /   /___/   /   /___/   15.1   Copyright 1985-2017 StataCorp LLC
  Statistics/Data Analysis            StataCorp
                                      4905 Lakeway Drive
                                      College Station, Texas 77845 USA
                                      800-STATA-PC        http://www.stata.com
                                      979-696-4600        stata@stata.com
                                      979-696-4601 (fax)

Single-user Stata license expires 19 Mar 2019:
       Serial number:  301509290780
         Licensed to:  Travis Williams
                       University of Colorado Boulder

Notes:
      1.  Stata is running in batch mode.
      2.  Unicode is supported; see help unicode_advice.

. do STATA/models/py_template_win.do "logweight L12.logweight winter1 spring1 s
> ummer1 fall1 winter2 spring2 summer2 fall2 i.month" data/tables/rmw/py_temp.c
> sv logweight 

. //clear everything out
. clear all

. 
. //Set variables from subroutine calls
. local formula `1'

. //Includes function, up to comma
. 
. local which `2'

. // Two files, one temp for aggregatation & one to stay the same
. 
. //Increase matrix size
. set matsize 600

. 
. // import data
. import delimited `which'
(79 vars, 13,946 obs)

. //import delimited "data/tables/rmw/noaa_500_standardized_central_all.csv"
. local y `3'

. display y
-212407.55

. 
. 
. 
. // Set date and time 
. egen id = group(polyid)

. g time = ym(year,month)

. xtset id time
       panel variable:  id (unbalanced)
        time variable:  time, 504 to 702, but with gaps
                delta:  1 unit

. 
. /////////////////////////////////////////////////////////////////////////////
> ///
> //////////////////////////////// Model #1 ///////////////////////////////////
> ///        
> /////////////////////////////////////////////////////////////////////////////
> ///
> eststo: xtreg `formula', fe vce(robust) 

Fixed-effects (within) regression               Number of obs     =     12,421
Group variable: id                              Number of groups  =         99

R-sq:                                           Obs per group:
     within  = 0.2311                                         min =          6
     between = 0.9945                                         avg =      125.5
     overall = 0.7594                                         max =        187

                                                F(20,98)          =      64.82
corr(u_i, Xb)  = 0.8440                         Prob > F          =     0.0000

                                    (Std. Err. adjusted for 99 clusters in id)
------------------------------------------------------------------------------
             |               Robust
   logweight |      Coef.   Std. Err.      t    P>|t|     [95% Conf. Interval]
-------------+----------------------------------------------------------------
   logweight |
        L12. |   .3807703   .0251712    15.13   0.000     .3308188    .4307218
             |
     winter1 |   .0116001   .0082146     1.41   0.161    -.0047015    .0279016
     spring1 |   .0050898   .0092717     0.55   0.584    -.0133096    .0234893
     summer1 |   .0312633   .0112641     2.78   0.007     .0089102    .0536165
       fall1 |  -.0219008   .0062985    -3.48   0.001    -.0343999   -.0094016
     winter2 |  -.0121204   .0096828    -1.25   0.214    -.0313356    .0070948
     spring2 |   .0133677    .010258     1.30   0.196    -.0069889    .0337243
     summer2 |  -.0361138   .0086987    -4.15   0.000    -.0533761   -.0188516
       fall2 |  -.0130635   .0087384    -1.49   0.138    -.0304045    .0042774
             |
       month |
          2  |   .0058121   .0013854     4.20   0.000     .0030628    .0085613
          3  |   .0012617   .0022668     0.56   0.579    -.0032368    .0057602
          4  |  -.0097053   .0031937    -3.04   0.003     -.016043   -.0033676
          5  |    .000117   .0035381     0.03   0.974    -.0069042    .0071382
          6  |   .0129712   .0026388     4.92   0.000     .0077345    .0182079
          7  |   .0134459   .0028709     4.68   0.000     .0077488     .019143
          8  |   .0064147    .003139     2.04   0.044     .0001855    .0126439
          9  |  -.0077272   .0032368    -2.39   0.019    -.0141505   -.0013039
         10  |  -.0203444   .0030587    -6.65   0.000    -.0264143   -.0142744
         11  |  -.0255666   .0028635    -8.93   0.000    -.0312492    -.019884
         12  |   -.018304   .0019966    -9.17   0.000    -.0222662   -.0143417
             |
       _cons |   3.945251   .1591751    24.79   0.000     3.629373    4.261129
-------------+----------------------------------------------------------------
     sigma_u |  .07860936
     sigma_e |  .05473781
         rho |  .67345908   (fraction of variance due to u_i)
------------------------------------------------------------------------------
(est1 stored)

. 
. esttab using "STATA/results/py_temp/py_result.csv", cells("b(fmt(4)) se(fmt(4
> )) p(fmt(4)star)") replace r2 plain
(output written to STATA/results/py_temp/py_result.csv)

. 
. predict predictions, xb 
(1,525 missing values generated)

. //predictions 
. predict predictions_u, xbu
(1,525 missing values generated)

. //predictions plus the fixed effect
. predict residuals, residual
(1,525 missing values generated)

. //residuals from standardized errors?
. predict stnderror, stdp
(1,525 missing values generated)

. //standardized error
. predict u, u
(1,525 missing values generated)

. predict e, e
(1,525 missing values generated)

. export delimited locale date month year dateid x y `y' weight count price adj
> _price adj_revenue lat lon predictions predictions_u residuals stnderror u e 
> using "STATA/outputs/py_temp/pyout.csv", replace
file STATA/outputs/py_temp/pyout.csv saved

. 
. clear

. 
end of do-file
