
  ___  ____  ____  ____  ____ (R)
 /__    /   ____/   /   ____/
___/   /   /___/   /   /___/   15.1   Copyright 1985-2017 StataCorp LLC
  Statistics/Data Analysis            StataCorp
                                      4905 Lakeway Drive
                                      College Station, Texas 77845 USA
                                      800-STATA-PC        http://www.stata.com
                                      979-696-4600        stata@stata.com
                                      979-696-4601 (fax)

Single-user Stata license expires 19 Mar 2019:
       Serial number:  301509290780
         Licensed to:  Travis Williams
                       University of Colorado Boulder

Notes:
      1.  Stata is running in batch mode.
      2.  Unicode is supported; see help unicode_advice.

. do STATA/models/py_template_win.do "logweight L12.logweight winter1 spring1 s
> ummer1 fall1 winter2 spring2 summer2 fall2 i.month" data/tables/rmw/noaa_500_
> standardized_central_all.csv logweight 

. //clear everything out
. clear all

. 
. //Set variables from subroutine calls
. local formula `1'

. //Includes function, up to comma
. 
. local which `2'

. // Two files, one temp for aggregatation & one to stay the same
. 
. //Increase matrix size
. set matsize 600

. 
. // import data
. import delimited `which'
file data/tables/rmw/noaa_500_standardized_central_all.csv not found
r(601);

end of do-file
r(601);
