
  ___  ____  ____  ____  ____ (R)
 /__    /   ____/   /   ____/
___/   /   /___/   /   /___/   15.1   Copyright 1985-2017 StataCorp LLC
  Statistics/Data Analysis            StataCorp
                                      4905 Lakeway Drive
                                      College Station, Texas 77845 USA
                                      800-STATA-PC        http://www.stata.com
                                      979-696-4600        stata@stata.com
                                      979-696-4601 (fax)

Single-user Stata license expires 19 Mar 2019:
       Serial number:  301509290780
         Licensed to:  Travis Williams
                       University of Colorado Boulder

Notes:
      1.  Stata is running in batch mode.
      2.  Unicode is supported; see help unicode_advice.

. do STATA/models/py_template_win.do "logweight winter1 spring1 summer1 fall1 w
> inter2 spring2 summer2 fall2 i.time" data/tables/rmw/py_temp.csv logweight 

. //clear everything out
. clear all

. 
. //Set variables from subroutine calls
. local formula `1'

. //Includes function, up to comma
. 
. local which `2'

. // Two files, one temp for aggregatation & one to stay the same
. 
. //Increase matrix size
. set matsize 600

. 
. // import data
. import delimited `which'
(80 vars, 236 obs)

. //import delimited "data/tables/rmw/noaa_500_standardized_central_all.csv"
. local y `3'

. display y
-436539.63

. 
. 
. 
. // Set date and time 
. egen id = group(polyid)

. g time = ym(year,month)

. xtset id time
       panel variable:  id (unbalanced)
        time variable:  time, 576 to 701, but with gaps
                delta:  1 unit

. 
. /////////////////////////////////////////////////////////////////////////////
> ///
> //////////////////////////////// Model #1 ///////////////////////////////////
> ///        
> /////////////////////////////////////////////////////////////////////////////
> ///
> eststo: xtreg `formula', fe vce(robust) 

Fixed-effects (within) regression               Number of obs     =        236
Group variable: id                              Number of groups  =         16

R-sq:                                           Obs per group:
     within  = 0.5313                                         min =          1
     between = 0.0179                                         avg =       14.8
     overall = 0.3787                                         max =         95

                                                F(12,15)          =          .
corr(u_i, Xb)  = -0.0600                        Prob > F          =          .

                                    (Std. Err. adjusted for 16 clusters in id)
------------------------------------------------------------------------------
             |               Robust
   logweight |      Coef.   Std. Err.      t    P>|t|     [95% Conf. Interval]
-------------+----------------------------------------------------------------
     winter1 |   .3116186   .5300517     0.59   0.565    -.8181597    1.441397
     spring1 |   -.186438    .164966    -1.13   0.276    -.5380547    .1651788
     summer1 |  -.7647889   .6565865    -1.16   0.262     -2.16427     .634692
       fall1 |   .3169075   .4758163     0.67   0.516    -.6972711    1.331086
     winter2 |   .0909213   .5168334     0.18   0.863    -1.010683    1.192526
     spring2 |   .0016891    .488484     0.00   0.997     -1.03949    1.042868
     summer2 |   .4792995   .5798983     0.83   0.421    -.7567244    1.715323
       fall2 |   .1865278   .3571145     0.52   0.609    -.5746437    .9476993
             |
        time |
        577  |  -.1446054   .0383735    -3.77   0.002    -.2263966   -.0628142
        578  |   .4125551   .1092468     3.78   0.002     .1797012     .645409
        579  |   .0780988   .1231626     0.63   0.536     -.184416    .3406136
        580  |   .2456477   .0796785     3.08   0.008      .075817    .4154784
        581  |   .2038334   .1086572     1.88   0.080    -.0277641    .4354308
        582  |   .4400905   .1518172     2.90   0.011     .1164997    .7636813
        583  |    .371788   .1698125     2.19   0.045     .0098413    .7337348
        584  |   .1510888   .1572302     0.96   0.352    -.1840395    .4862171
        585  |    .294905   .1587639     1.86   0.083    -.0434922    .6333022
        586  |   .2366673   .1016979     2.33   0.034     .0199034    .4534312
        587  |   .2404619   .2608409     0.92   0.371    -.3155072    .7964311
        588  |  -.0169698   .2054959    -0.08   0.935     -.454974    .4210345
        589  |  -.0850758   .1659044    -0.51   0.616    -.4386927    .2685411
        590  |   .2424329   .1023873     2.37   0.032     .0241995    .4606662
        592  |   .1185157   .1563579     0.76   0.460    -.2147532    .4517847
        593  |   .1101148   .2271105     0.48   0.635    -.3739598    .5941895
        594  |   .1441998   .1750493     0.82   0.423    -.2289089    .5173084
        595  |   .3062379   .1617583     1.89   0.078    -.0385417    .6510175
        596  |   .2045346   .0938469     2.18   0.046     .0045047    .4045646
        597  |   .0969579   .1838812     0.53   0.606    -.2949756    .4888914
        598  |  -.0309554   .1466796    -0.21   0.836    -.3435957    .2816848
        599  |   .4063499    .146492     2.77   0.014     .0941096    .7185902
        600  |   -.284862   .1516554    -1.88   0.080    -.6081079    .0383839
        601  |   .0410492     .10859     0.38   0.711    -.1904049    .2725033
        602  |   .2798889   .1769334     1.58   0.135    -.0972356    .6570134
        603  |   .3377382   .1622955     2.08   0.055    -.0081865    .6836628
        604  |   .5456443    .292963     1.86   0.082    -.0787916     1.17008
        605  |   .4173525   .1500796     2.78   0.014     .0974653    .7372397
        607  |  -.0493665   .1480061    -0.33   0.743     -.364834     .266101
        609  |   .2661668   .1486112     1.79   0.093    -.0505906    .5829242
        610  |   .3600724   .2070331     1.74   0.102    -.0812082    .8013531
        611  |   .0301065   .2519171     0.12   0.906    -.5068422    .5670551
        612  |   .0401052   .2971948     0.13   0.894    -.5933505    .6735609
        613  |   .5339682   .1812078     2.95   0.010     .1477329    .9202035
        614  |   .3861554   .2795094     1.38   0.187    -.2096049    .9819156
        617  |   .2804059   .2407114     1.16   0.262    -.2326582      .79347
        618  |   .1111492   .3923653     0.28   0.781    -.7251575     .947456
        619  |   .0905671   .1715277     0.53   0.605    -.2750356    .4561698
        620  |  -.2299776   .0992275    -2.32   0.035     -.441476   -.0184793
        621  |   .2006742   .2097233     0.96   0.354    -.2463405    .6476888
        622  |  -.0147847   .1203532    -0.12   0.904    -.2713115     .241742
        623  |   .4937667    .261936     1.89   0.079    -.0645367     1.05207
        624  |   .2086174   .1967116     1.06   0.306    -.2106634    .6278983
        625  |   .1036345   .3645409     0.28   0.780    -.6733661    .8806352
        626  |   .0396884   .1779448     0.22   0.827    -.3395919    .4189687
        627  |  -.0933895   .1119647    -0.83   0.417    -.3320366    .1452577
        628  |   .0822758   .1646114     0.50   0.624     -.268585    .4331366
        629  |   .1985235    .182678     1.09   0.294    -.1908454    .5878923
        630  |   .0957776   .2228459     0.43   0.673    -.3792073    .5707624
        631  |  -.0761935   .1544338    -0.49   0.629    -.4053613    .2529744
        632  |  -.0498944   .2001699    -0.25   0.807    -.4765465    .3767577
        633  |   .3173879   .1248162     2.54   0.023     .0513486    .5834273
        634  |  -.2428833   .2988062    -0.81   0.429    -.8797736     .394007
        635  |   .1153068    .143548     0.80   0.434    -.1906586    .4212722
        636  |   .0880382   .1677344     0.52   0.607    -.2694793    .4455556
        637  |   .0124796   .2451562     0.05   0.960    -.5100583    .5350176
        638  |  -.1123159   .1494573    -0.75   0.464    -.4308766    .2062448
        639  |   .0473761   .1034074     0.46   0.653    -.1730316    .2677837
        640  |  -.2292352   .0757608    -3.03   0.009    -.3907155   -.0677548
        641  |   .0513149   .1014014     0.51   0.620    -.1648171    .2674469
        642  |   .3320987   .0545537     6.09   0.000     .2158201    .4483772
        643  |   .3522826   .2424827     1.45   0.167    -.1645571    .8691223
        644  |   .2744313   .0434017     6.32   0.000     .1819229    .3669398
        645  |   .3989871   .1277727     3.12   0.007      .126646    .6713283
        646  |   .2315291   .0628682     3.68   0.002     .0975287    .3655296
        647  |   .1634154   .0783994     2.08   0.055    -.0036888    .3305197
        648  |   .0505364   .1220441     0.41   0.685    -.2095944    .3106672
        649  |   .3341668    .197608     1.69   0.111    -.0870247    .7553583
        650  |   .0570839   .2254144     0.25   0.804    -.4233755    .5375433
        651  |   .1354538   .1822029     0.74   0.469    -.2529025    .5238101
        652  |  -.0560131   .0960905    -0.58   0.569    -.2608252     .148799
        653  |   .4340676   .2110153     2.06   0.058    -.0157008     .883836
        654  |   .2555997   .2472241     1.03   0.318     -.271346    .7825453
        655  |    .012121   .1227083     0.10   0.923    -.2494256    .2736676
        656  |   .1342495   .2133888     0.63   0.539     -.320578     .589077
        657  |   .2703169   .0818885     3.30   0.005     .0957757     .444858
        658  |   .0701919    .095562     0.73   0.474    -.1334936    .2738774
        659  |   .1767521    .218792     0.81   0.432    -.2895919    .6430962
        660  |   .0284853   .1921969     0.15   0.884    -.3811726    .4381433
        661  |   .1353537   .1835049     0.74   0.472    -.2557778    .5264852
        662  |   .1990764    .228753     0.87   0.398    -.2884991    .6866518
        663  |   .3352824   .2915705     1.15   0.268    -.2861853    .9567501
        664  |   .3895191   .2986812     1.30   0.212    -.2471047    1.026143
        665  |   .2962416    .291104     1.02   0.325    -.3242319    .9167151
        666  |   .0063141   .2281991     0.03   0.978    -.4800808    .4927091
        667  |   .0493352    .260233     0.19   0.852    -.5053382    .6040086
        668  |   .2488706   .3047524     0.82   0.427    -.4006938     .898435
        669  |   .2342477   .1907169     1.23   0.238    -.1722558    .6407511
        670  |   .2156953   .2596377     0.83   0.419    -.3377093       .7691
        671  |   .1680571   .1965012     0.86   0.406    -.2507752    .5868895
        672  |   .1069591   .1791286     0.60   0.559    -.2748446    .4887627
        673  |   .1489399   .1498617     0.99   0.336    -.1704827    .4683625
        674  |  -.0705689   .2361474    -0.30   0.769    -.5739053    .4327674
        675  |   .1289401   .1435865     0.90   0.383    -.1771072    .4349874
        676  |  -.0946048   .2001224    -0.47   0.643    -.5211555     .331946
        677  |  -.1819945   .1142723    -1.59   0.132    -.4255602    .0615712
        678  |  -.2154583   .2058552    -1.05   0.312    -.6542283    .2233117
        679  |  -.2345543   .3343601    -0.70   0.494     -.947226    .4781173
        680  |   .2242354   .3441922     0.65   0.525     -.509393    .9578638
        681  |   .5396653   .1739633     3.10   0.007     .1688714    .9104592
        683  |   .1273875   .3561401     0.36   0.726     -.631707    .8864821
        684  |   .3019054    .349382     0.86   0.401    -.4427847    1.046595
        685  |   .1731696   .4048535     0.43   0.675    -.6897553    1.036095
        686  |     .04025   .3426163     0.12   0.908    -.6900194    .7705193
        688  |   .0794032    .565369     0.14   0.890    -1.125652    1.284459
        691  |   .1784694   .2257532     0.79   0.442    -.3027122     .659651
        692  |   .2906545   .3773787     0.77   0.453    -.5137092    1.095018
        693  |   .6352191   .3687468     1.72   0.106    -.1507461    1.421184
        694  |   .3414634   .1904559     1.79   0.093    -.0644838    .7474107
        695  |   .8271791   .2631108     3.14   0.007     .2663717    1.387987
        696  |  -.1293266    .258814    -0.50   0.625    -.6809755    .4223223
        698  |    .223381   .4359139     0.51   0.616    -.7057474     1.15251
        699  |   .2286673   .3091363     0.74   0.471    -.4302411    .8875756
        700  |   .5233815   .3298573     1.59   0.133    -.1796927    1.226456
        701  |   .2459903   .1903982     1.29   0.216    -.1598338    .6518144
             |
       _cons |   5.823664   .6757559     8.62   0.000     4.383325    7.264004
-------------+----------------------------------------------------------------
     sigma_u |   .2092185
     sigma_e |  .24779758
         rho |  .41618212   (fraction of variance due to u_i)
------------------------------------------------------------------------------
(est1 stored)

. 
. esttab using "STATA/results/py_temp/py_result.csv", cells("b(fmt(4)) se(fmt(4
> )) p(fmt(4)star)") replace r2 plain
(output written to STATA/results/py_temp/py_result.csv)

. 
. predict predictions, xb 

. //predictions 
. predict predictions_u, xbu

. //predictions plus the fixed effect
. predict residuals, residual

. //residuals from standardized errors?
. predict stnderror, stdp

. //standardized error
. predict u, u

. predict e, e

. export delimited locale date month year dateid x y `y' weight count price adj
> _price adj_revenue lat lon predictions predictions_u residuals stnderror u e 
> using "STATA/outputs/py_temp/pyout.csv", replace
file STATA/outputs/py_temp/pyout.csv saved

. 
. clear

. 
end of do-file
