
  ___  ____  ____  ____  ____ (R)
 /__    /   ____/   /   ____/
___/   /   /___/   /   /___/   15.1   Copyright 1985-2017 StataCorp LLC
  Statistics/Data Analysis            StataCorp
                                      4905 Lakeway Drive
                                      College Station, Texas 77845 USA
                                      800-STATA-PC        http://www.stata.com
                                      979-696-4600        stata@stata.com
                                      979-696-4601 (fax)

Single-user Stata license expires 19 Mar 2019:
       Serial number:  301509290780
         Licensed to:  Travis Williams
                       University of Colorado Boulder

Notes:
      1.  Stata is running in batch mode.
      2.  Unicode is supported; see help unicode_advice.

. do STATA/models/py_template_win.do "price winter1 spring1 summer1 fall1 winte
> r2 spring2 summer2 fall2 i.time" data/tables/rmw/noaa_500_standardized_centra
> l_all.csv price 

. //clear everything out
. clear all

. 
. //Set variables from subroutine calls
. local formula `1'

. //Includes function, up to comma
. 
. local which `2'

. // Two files, one temp for aggregatation & one to stay the same
. 
. //Increase matrix size
. set matsize 600

. 
. // import data
. //import delimited `which'
. import delimited "data/tables/rmw/noaa_500_standardized_central_all.csv"
(77 vars, 19,550 obs)

. local y `3'

. display y
103340.52

. 
. 
. 
. // Set date and time 
. egen id = group(polyid)

. g time = ym(year,month)

. xtset id time
       panel variable:  id (unbalanced)
        time variable:  time, 504 to 702, but with gaps
                delta:  1 unit

. 
. /////////////////////////////////////////////////////////////////////////////
> ///
> //////////////////////////////// Model #1 ///////////////////////////////////
> ///        
> /////////////////////////////////////////////////////////////////////////////
> ///
> eststo: xtreg `formula', fe vce(robust) 

Fixed-effects (within) regression               Number of obs     =     19,550
Group variable: id                              Number of groups  =        140

R-sq:                                           Obs per group:
     within  = 0.9451                                         min =          1
     between = 0.8489                                         avg =      139.6
     overall = 0.9259                                         max =        199

                                                F(138,139)        =          .
corr(u_i, Xb)  = -0.0397                        Prob > F          =          .

                                   (Std. Err. adjusted for 140 clusters in id)
------------------------------------------------------------------------------
             |               Robust
       price |      Coef.   Std. Err.      t    P>|t|     [95% Conf. Interval]
-------------+----------------------------------------------------------------
     winter1 |   1.404834   1.335707     1.05   0.295    -1.236095    4.045764
     spring1 |  -1.249293   1.371897    -0.91   0.364    -3.961777     1.46319
     summer1 |  -.9554381   1.866735    -0.51   0.610    -4.646305    2.735428
       fall1 |  -1.584171   1.605743    -0.99   0.326    -4.759011    1.590669
     winter2 |   2.250696   1.469473     1.53   0.128    -.6547132    5.156106
     spring2 |  -1.093364   1.286061    -0.85   0.397    -3.636136    1.449408
     summer2 |   1.459626   2.314092     0.63   0.529    -3.115746    6.034998
       fall2 |   .2774657    1.67434     0.17   0.869    -3.033002    3.587933
             |
        time |
        505  |   1.393181   .3458448     4.03   0.000     .7093847    2.076978
        506  |  -.5213653   .3607954    -1.45   0.151    -1.234722    .1919914
        507  |  -3.328108   .4960266    -6.71   0.000    -4.308841   -2.347375
        508  |  -5.357391   .5217916   -10.27   0.000    -6.389066   -4.325716
        509  |  -8.009465   .6082271   -13.17   0.000    -9.212039   -6.806892
        510  |  -5.573136   .9019058    -6.18   0.000    -7.356364   -3.789908
        511  |  -.3620821    3.47186    -0.10   0.917    -7.226566    6.502402
        512  |  -5.027884   1.418091    -3.55   0.001    -7.831702   -2.224065
        513  |  -7.263159   .4432041   -16.39   0.000    -8.139452   -6.386865
        514  |  -5.567504   .6778602    -8.21   0.000    -6.907755   -4.227254
        515  |  -2.948584   .5162152    -5.71   0.000    -3.969233   -1.927934
        516  |  -2.820835   .5547003    -5.09   0.000    -3.917576   -1.724093
        517  |  -4.071638   .5165502    -7.88   0.000    -5.092949   -3.050326
        518  |  -4.530854   .5154493    -8.79   0.000    -5.549989   -3.511719
        519  |  -1.917284   .5464135    -3.51   0.001    -2.997641   -.8369276
        520  |  -.4446592   .6638037    -0.67   0.504    -1.757117    .8677987
        521  |   .5500872    .730172     0.75   0.453    -.8935926    1.993767
        522  |   3.008571   .8159606     3.69   0.000     1.395272     4.62187
        523  |   5.787299   .9159818     6.32   0.000      3.97624    7.598358
        524  |   9.503612   .7099479    13.39   0.000     8.099919     10.9073
        525  |   11.95081   .7386479    16.18   0.000     10.49037    13.41125
        526  |   11.89999   .6810515    17.47   0.000     10.55343    13.24655
        527  |   13.27012   .7936393    16.72   0.000     11.70095    14.83928
        528  |   7.580105   .5458144    13.89   0.000     6.500932    8.659277
        529  |    7.56217    .671547    11.26   0.000     6.234402    8.889938
        530  |   14.17125   1.201211    11.80   0.000     11.79624    16.54626
        531  |   14.60128   .5972917    24.45   0.000     13.42033    15.78223
        532  |   18.98152   .6921699    27.42   0.000     17.61298    20.35006
        533  |   25.09327   .8312648    30.19   0.000     23.44971    26.73682
        534  |   28.32035   .9182589    30.84   0.000     26.50479    30.13591
        535  |   30.64083   1.050748    29.16   0.000     28.56331    32.71834
        536  |   27.05814   .9475458    28.56   0.000     25.18467    28.93161
        537  |   24.57934   .6615132    37.16   0.000     23.27141    25.88727
        538  |   22.25893   .5964904    37.32   0.000     21.07956     23.4383
        539  |   21.01495   .8930758    23.53   0.000     19.24918    22.78072
        540  |   22.25911   .5499841    40.47   0.000     21.17169    23.34653
        541  |   25.78848   1.320347    19.53   0.000     23.17792    28.39904
        542  |    29.6593   .8071467    36.75   0.000     28.06343    31.25517
        543  |   34.21013   .8846615    38.67   0.000       32.461    35.95927
        544  |    35.5416   1.066748    33.32   0.000     33.43245    37.65075
        545  |   32.06563   .8069306    39.74   0.000     30.47018    33.66107
        546  |    26.4705    .792042    33.42   0.000     24.90449     28.0365
        547  |   26.72956   .9178502    29.12   0.000     24.91481    28.54431
        548  |    29.7358   .8738935    34.03   0.000     28.00795    31.46364
        549  |   31.27765   .7574819    41.29   0.000     29.77997    32.77532
        550  |   31.03575   .7407174    41.90   0.000     29.57122    32.50028
        551  |   31.49826   .7398843    42.57   0.000     30.03538    32.96114
        552  |    31.2435   .7085943    44.09   0.000     29.84249    32.64452
        553  |   31.92101   .8458395    37.74   0.000     30.24863    33.59338
        554  |   29.38247   .9195446    31.95   0.000     27.56437    31.20057
        555  |   26.91078    1.36258    19.75   0.000     24.21672    29.60484
        556  |   24.44412   .9667037    25.29   0.000     22.53278    26.35547
        557  |   26.05196   .7788134    33.45   0.000     24.51211    27.59181
        558  |    29.2422    .889808    32.86   0.000     27.48289     31.0015
        559  |   31.02001   1.253117    24.75   0.000     28.54238    33.49765
        560  |   31.91819   .8074478    39.53   0.000     30.32172    33.51466
        561  |   24.11483   .6160203    39.15   0.000     22.89685    25.33281
        562  |    14.2049   .5877966    24.17   0.000     13.04272    15.36708
        563  |   12.19935   .5556771    21.95   0.000     11.10067    13.29802
        564  |    10.9861   .6348386    17.31   0.000     9.730909    12.24129
        565  |   12.04739   .6250625    19.27   0.000     10.81153    13.28325
        566  |   19.73943   .8715478    22.65   0.000     18.01623    21.46264
        567  |   23.92476   .6788984    35.24   0.000     22.58245    25.26706
        568  |   23.98119   .9148416    26.21   0.000     22.17239       25.79
        569  |   20.74068   .8801647    23.56   0.000     19.00044    22.48093
        570  |   25.41733   1.187861    21.40   0.000     23.06872    27.76594
        571  |   27.13674   1.102658    24.61   0.000     24.95659    29.31689
        572  |   25.36127    1.07943    23.50   0.000     23.22704    27.49549
        573  |   20.84432   .9239136    22.56   0.000     19.01758    22.67106
        574  |   16.69175   .8607023    19.39   0.000     14.98999    18.39351
        575  |   15.88293    .735942    21.58   0.000     14.42784    17.33802
        576  |   9.789245   .8134495    12.03   0.000      8.18091    11.39758
        577  |   16.01191   .8962892    17.86   0.000     14.23979    17.78404
        578  |    15.1323   1.432969    10.56   0.000     12.29906    17.96553
        579  |   11.36707   .8235576    13.80   0.000     9.738751    12.99539
        580  |   16.38936   .7414015    22.11   0.000     14.92347    17.85524
        581  |   15.18442   .9025489    16.82   0.000     13.39992    16.96892
        582  |   16.19099   1.057978    15.30   0.000     14.09918     18.2828
        583  |   18.05345   .9477157    19.05   0.000     16.17964    19.92725
        584  |    15.9196   .8950428    17.79   0.000     14.14994    17.68926
        585  |   6.635572   .8688337     7.64   0.000     4.917734    8.353411
        586  |   3.119969   .8314619     3.75   0.000     1.476021    4.763916
        587  |  -1.162782   .8012859    -1.45   0.149    -2.747066     .421503
        588  |   4.477612   .7771786     5.76   0.000     2.940992    6.014232
        589  |   4.907054   .7751363     6.33   0.000     3.374472    6.439636
        590  |   6.233566   .7251419     8.60   0.000     4.799831      7.6673
        591  |    10.3348   .7922918    13.04   0.000     8.768301     11.9013
        592  |   12.17031   .7161776    16.99   0.000      10.7543    13.58632
        593  |   9.237495   1.297361     7.12   0.000     6.672381    11.80261
        594  |   8.978247   .8462258    10.61   0.000     7.305108    10.65139
        595  |   9.052777   .8341987    10.85   0.000     7.403418    10.70214
        596  |   6.261077   .7820777     8.01   0.000     4.714771    7.807384
        597  |    2.17068   .7862191     2.76   0.007     .6161848    3.725175
        598  |   3.750381   .7427587     5.05   0.000     2.281815    5.218947
        599  |   4.225187   .8011997     5.27   0.000     2.641073    5.809302
        600  |   8.174887   .7645629    10.69   0.000      6.66321    9.686563
        601  |   12.75101   .8471661    15.05   0.000     11.07601    14.42601
        602  |   17.12367   .8120004    21.09   0.000      15.5182    18.72913
        603  |   24.14002   .7683904    31.42   0.000     22.62078    25.65926
        604  |   24.25672   .8283454    29.28   0.000     22.61893     25.8945
        605  |   21.97345   .8906171    24.67   0.000     20.21255    23.73436
        606  |   24.21303   .9504412    25.48   0.000     22.33384    26.09222
        607  |   25.88553   .8583012    30.16   0.000     24.18852    27.58255
        608  |   21.29943   .8539306    24.94   0.000     19.61105     22.9878
        609  |   17.93877   1.054214    17.02   0.000      15.8544    20.02314
        610  |   20.63376   1.020871    20.21   0.000     18.61532     22.6522
        611  |   28.21845   .9569826    29.49   0.000     26.32633    30.11058
        612  |    35.9416    .892785    40.26   0.000      34.1764    37.70679
        613  |   38.90047   .9634755    40.38   0.000     36.99551    40.80544
        614  |   44.82783    .956785    46.85   0.000      42.9361    46.71957
        615  |   47.85904   .9755166    49.06   0.000     45.93027    49.78781
        616  |   40.26705    .894357    45.02   0.000     38.49875    42.03536
        617  |    38.0558   1.214944    31.32   0.000     35.65364    40.45796
        618  |   40.92295   .9241397    44.28   0.000     39.09576    42.75014
        619  |   38.53315   1.037599    37.14   0.000     36.48163    40.58467
        620  |   36.04744   1.006927    35.80   0.000     34.05656    38.03831
        621  |   42.41235   1.184615    35.80   0.000     40.07016    44.75455
        622  |   49.38952   1.120015    44.10   0.000     47.17505    51.60399
        623  |   54.57556   1.649845    33.08   0.000     51.31353     57.8376
        624  |   63.15772   1.027119    61.49   0.000     61.12692    65.18852
        625  |   72.24348   1.143055    63.20   0.000     69.98346    74.50351
        626  |   74.30745   .9982702    74.44   0.000      72.3337    76.28121
        627  |   71.09727   1.224305    58.07   0.000     68.67661    73.51794
        628  |   69.76174   1.351232    51.63   0.000     67.09011    72.43336
        629  |   65.87047   2.104472    31.30   0.000     61.70956    70.03139
        630  |   45.15707   1.285107    35.14   0.000     42.61618    47.69795
        631  |   48.72558   1.218702    39.98   0.000     46.31599    51.13517
        632  |    53.3811   1.079614    49.44   0.000     51.24651    55.51569
        633  |   55.81286   1.193131    46.78   0.000     53.45383    58.17189
        634  |   56.37737   1.183396    47.64   0.000     54.03758    58.71715
        635  |   56.94759   1.131848    50.31   0.000     54.70972    59.18545
        636  |    59.3878   .9172493    64.75   0.000     57.57423    61.20136
        637  |   58.13617   1.297868    44.79   0.000     55.57006    60.70229
        638  |   52.16079   .9211611    56.63   0.000     50.33949    53.98209
        639  |   51.97437   1.122754    46.29   0.000     49.75449    54.19426
        640  |   48.76606   1.128316    43.22   0.000     46.53518    50.99694
        641  |   47.43965   1.170213    40.54   0.000     45.12594    49.75337
        642  |   55.02242   1.194255    46.07   0.000     52.66117    57.38368
        643  |    63.2655   1.238508    51.08   0.000     60.81675    65.71426
        644  |   67.53365   2.478985    27.24   0.000     62.63226    72.43505
        645  |   74.25896   1.304915    56.91   0.000     71.67892    76.83901
        646  |   75.65504   1.305115    57.97   0.000     73.07459    78.23548
        647  |   78.56197   1.624631    48.36   0.000     75.34979    81.77416
        648  |   87.69699    1.26711    69.21   0.000     85.19169     90.2023
        649  |   88.18581   1.263406    69.80   0.000     85.68783    90.68379
        650  |   96.00188   1.291892    74.31   0.000     93.44758    98.55618
        651  |   103.0929   1.339455    76.97   0.000     100.4446    105.7412
        652  |    109.068   1.588159    68.68   0.000     105.9279    112.2081
        653  |    123.401   1.770579    69.70   0.000     119.9002    126.9017
        654  |   136.6181   1.590668    85.89   0.000      133.473    139.7631
        655  |   144.2874   2.597403    55.55   0.000     139.1519     149.423
        656  |   148.7032   1.782236    83.44   0.000     145.1794     152.227
        657  |   162.5586   1.961119    82.89   0.000     158.6812    166.4361
        658  |   162.3857   1.615305   100.53   0.000     159.1919    165.5794
        659  |   159.1936   1.678187    94.86   0.000     155.8755    162.5117
        660  |   147.0916   1.458763   100.83   0.000     144.2073    149.9758
        661  |   138.0593    1.67736    82.31   0.000     134.7429    141.3758
        662  |    150.287   2.097661    71.65   0.000     146.1395    154.4344
        663  |   153.7122   1.651255    93.09   0.000     150.4474    156.9771
        664  |   151.6553   1.810926    83.74   0.000     148.0748    155.2358
        665  |   155.3001   2.184474    71.09   0.000      150.981    159.6192
        666  |   144.1916    2.05221    70.26   0.000      140.134    148.2492
        667  |   136.1091   2.542114    53.54   0.000     131.0829    141.1353
        668  |   112.6904   1.648841    68.35   0.000     109.4304    115.9505
        669  |   102.8387    2.10141    48.94   0.000     98.68385    106.9936
        670  |   94.13484   1.604947    58.65   0.000     90.96158     97.3081
        671  |   71.28937   1.630688    43.72   0.000     68.06521    74.51353
        672  |   75.73463   1.156324    65.50   0.000     73.44837    78.02089
        673  |   77.21932   1.264633    61.06   0.000     74.71891    79.71972
        674  |   82.30437   1.343344    61.27   0.000     79.64834    84.96039
        675  |   73.19608   1.309669    55.89   0.000     70.60663    75.78553
        676  |   64.64839   1.357981    47.61   0.000     61.96342    67.33336
        677  |    58.4024    1.16549    50.11   0.000     56.09802    60.70679
        678  |   51.97835   1.515351    34.30   0.000     48.98223    54.97447
        679  |   56.46136   1.245071    45.35   0.000     53.99963    58.92308
        680  |   43.44143   1.210052    35.90   0.000     41.04894    45.83392
        681  |   29.36582   1.123601    26.14   0.000     27.14426    31.58738
        682  |   34.61561   1.169773    29.59   0.000     32.30276    36.92846
        683  |   40.75059   1.077745    37.81   0.000     38.61969    42.88148
        684  |   45.35762    1.24159    36.53   0.000     42.90278    47.81246
        685  |   44.86178    1.38191    32.46   0.000     42.12949    47.59406
        686  |   50.30109   1.899539    26.48   0.000     46.54537    54.05682
        687  |    55.6688   1.286334    43.28   0.000     53.12549    58.21212
        688  |   63.63803   1.671028    38.08   0.000     60.33411    66.94195
        689  |   60.93074   1.134499    53.71   0.000     58.68763    63.17384
        690  |   56.39484   1.061827    53.11   0.000     54.29542    58.49426
        691  |   53.32949   2.827635    18.86   0.000     47.73876    58.92023
        692  |   53.84806   2.642128    20.38   0.000      48.6241    59.07201
        693  |   55.32803   1.631373    33.92   0.000     52.10251    58.55354
        694  |   55.05756   1.620813    33.97   0.000     51.85292    58.26219
        695  |   54.36761   1.814978    29.95   0.000     50.77908    57.95614
        696  |   62.78345    1.61219    38.94   0.000     59.59586    65.97103
        697  |   67.38857   1.791655    37.61   0.000     63.84615    70.93099
        698  |   62.22419   1.257919    49.47   0.000     59.73706    64.71132
        699  |   58.02768   1.738865    33.37   0.000     54.58963    61.46573
        700  |   56.99373    1.32015    43.17   0.000     54.38355     59.6039
        701  |   53.99528   1.291432    41.81   0.000     51.44189    56.54867
        702  |   86.37053   20.61176     4.19   0.000     45.61742    127.1236
             |
       _cons |   85.49568   2.039241    41.93   0.000     81.46373    89.52762
-------------+----------------------------------------------------------------
     sigma_u |  6.1738083
     sigma_e |  8.7804358
         rho |  .33083291   (fraction of variance due to u_i)
------------------------------------------------------------------------------
(est1 stored)

. 
. esttab using "STATA\results\py_temp\py_result.csv", cells("b(fmt(4)) se(fmt(4
> )) p(fmt(4)star)") replace r2 plain
(output written to STATA\results\py_temp\py_result.csv)

. 
. predict predictions, xb 

. //predictions 
. predict predictions_u, xbu

. //predictions plus the fixed effect
. predict residuals, residual

. //residuals from standardized errors?
. predict stnderror, stdp

. //standardized error
. predict u, u

. predict e, e

. export delimited locale date month year dateid x y `y' weight count price adj
> _price adj_revenue lat lon predictions predictions_u residuals stnderror u e 
> using "STATA\outputs\py_temp\pyout.csv", replace
file STATA\outputs\py_temp\pyout.csv saved

. 
. clear

. 
end of do-file
