
  ___  ____  ____  ____  ____ (R)
 /__    /   ____/   /   ____/
___/   /   /___/   /   /___/   15.1   Copyright 1985-2017 StataCorp LLC
  Statistics/Data Analysis            StataCorp
                                      4905 Lakeway Drive
                                      College Station, Texas 77845 USA
                                      800-STATA-PC        http://www.stata.com
                                      979-696-4600        stata@stata.com
                                      979-696-4601 (fax)

Single-user Stata license expires 19 Mar 2019:
       Serial number:  301509290780
         Licensed to:  Travis Williams
                       University of Colorado Boulder

Notes:
      1.  Stata is running in batch mode.
      2.  Unicode is supported; see help unicode_advice.

. do STATA/models/py_template_win.do "logweight winter1  spring1 summer1 fall1 
> winter2 spring2 summer2 fall2 i.time" data/tables/rmw/py_temp.csv logweight 

. //clear everything out
. clear all

. 
. //Set variables from subroutine calls
. local formula `1'

. //Includes function, up to comma
. 
. local which `2'

. // Two files, one temp for aggregatation & one to stay the same
. 
. //Increase matrix size
. set matsize 600

. 
. // import data
. import delimited `which'
(80 vars, 19,064 obs)

. //import delimited "data/tables/rmw/noaa_500_standardized_central_all.csv"
. local y `3'

. display y
103340.52

. 
. 
. 
. // Set date and time 
. egen id = group(polyid)

. g time = ym(year,month)

. xtset id time
       panel variable:  id (unbalanced)
        time variable:  time, 504 to 702, but with gaps
                delta:  1 unit

. 
. /////////////////////////////////////////////////////////////////////////////
> ///
> //////////////////////////////// Model #1 ///////////////////////////////////
> ///        
> /////////////////////////////////////////////////////////////////////////////
> ///
> eststo: xtreg `formula', fe vce(robust) 

Fixed-effects (within) regression               Number of obs     =     19,064
Group variable: id                              Number of groups  =        140

R-sq:                                           Obs per group:
     within  = 0.2190                                         min =          1
     between = 0.0002                                         avg =      136.2
     overall = 0.0556                                         max =        194

                                                F(138,139)        =          .
corr(u_i, Xb)  = -0.0181                        Prob > F          =          .

                                   (Std. Err. adjusted for 140 clusters in id)
------------------------------------------------------------------------------
             |               Robust
   logweight |      Coef.   Std. Err.      t    P>|t|     [95% Conf. Interval]
-------------+----------------------------------------------------------------
     winter1 |  -.0053027   .0101925    -0.52   0.604    -.0254551    .0148497
     spring1 |  -.0018283   .0097486    -0.19   0.852     -.021103    .0174465
     summer1 |   .0039329   .0130565     0.30   0.764    -.0218821    .0297479
       fall1 |  -.0291739   .0101229    -2.88   0.005    -.0491887   -.0091591
     winter2 |   .0009534   .0117604     0.08   0.936     -.022299    .0242058
     spring2 |   .0043398   .0091532     0.47   0.636    -.0137578    .0224373
     summer2 |  -.0157124   .0152939    -1.03   0.306    -.0459513    .0145264
       fall2 |   .0011583   .0114764     0.10   0.920    -.0215325    .0238492
             |
        time |
        505  |   .0149093   .0053408     2.79   0.006     .0043496     .025469
        506  |   .0244323   .0068366     3.57   0.000     .0109151    .0379495
        507  |   .0100184   .0088083     1.14   0.257    -.0073972     .027434
        508  |   .0381524   .0120768     3.16   0.002     .0142745    .0620304
        509  |   .0515168    .012759     4.04   0.000     .0262901    .0767435
        510  |   .0148673   .0149194     1.00   0.321     -.014631    .0443655
        511  |   .0025701   .0175681     0.15   0.884    -.0321652    .0373055
        512  |  -.0164236   .0139506    -1.18   0.241    -.0440063    .0111592
        513  |  -.0586737   .0120448    -4.87   0.000    -.0824884    -.034859
        514  |  -.0722091   .0104151    -6.93   0.000    -.0928016   -.0516165
        515  |  -.0538324   .0078144    -6.89   0.000     -.069283   -.0383819
        516  |  -.0103009   .0061215    -1.68   0.095    -.0224042    .0018025
        517  |   .0202788   .0065638     3.09   0.002     .0073009    .0332567
        518  |   .0317115   .0080887     3.92   0.000     .0157186    .0477044
        519  |   .0141358    .009788     1.44   0.151    -.0052169    .0334884
        520  |   .0156542   .0107825     1.45   0.149    -.0056648    .0369732
        521  |   .0563122   .0111424     5.05   0.000     .0342816    .0783428
        522  |   .0773077   .0160263     4.82   0.000     .0456208    .1089946
        523  |   .0522744   .0139118     3.76   0.000     .0247682    .0797806
        524  |  -.0089546   .0131268    -0.68   0.496    -.0349088    .0169995
        525  |  -.0959453    .010135    -9.47   0.000    -.1159841   -.0759065
        526  |  -.0905976   .0090036   -10.06   0.000    -.1083993   -.0727959
        527  |  -.0635839   .0074174    -8.57   0.000    -.0782495   -.0489183
        528  |   .0068322   .0067684     1.01   0.315    -.0065502    .0202145
        529  |   .0150964   .0074154     2.04   0.044      .000435    .0297579
        530  |    .001029    .008655     0.12   0.906    -.0160834    .0181414
        531  |  -.0132145   .0093213    -1.42   0.159    -.0316443    .0052154
        532  |   .0240509   .0099764     2.41   0.017     .0043258     .043776
        533  |   .0409343   .0113034     3.62   0.000     .0185854    .0632832
        534  |   .0432386   .0110407     3.92   0.000     .0214091    .0650681
        535  |   .0308174   .0131521     2.34   0.021     .0048134    .0568215
        536  |   .0193911   .0113595     1.71   0.090    -.0030687    .0418509
        537  |  -.0428336   .0081388    -5.26   0.000    -.0589255   -.0267418
        538  |  -.0530054   .0075481    -7.02   0.000    -.0679293   -.0380815
        539  |  -.0301195   .0067109    -4.49   0.000    -.0433882   -.0168509
        540  |   .0179759   .0069535     2.59   0.011     .0042277    .0317241
        541  |   .0183006   .0078321     2.34   0.021     .0028152    .0337861
        542  |   .0075324   .0092053     0.82   0.415    -.0106682     .025733
        543  |   .0067531     .01034     0.65   0.515    -.0136908    .0271971
        544  |   .0288093   .0114796     2.51   0.013     .0061121    .0515065
        545  |   .0690798   .0119011     5.80   0.000     .0455492    .0926105
        546  |   .0621497   .0125147     4.97   0.000      .037406    .0868935
        547  |   .0531315   .0138806     3.83   0.000     .0256871    .0805759
        548  |   .0324999   .0129129     2.52   0.013     .0069687    .0580311
        549  |   -.051951   .0089118    -5.83   0.000    -.0695713   -.0343307
        550  |  -.0510912   .0074626    -6.85   0.000    -.0658461   -.0363362
        551  |  -.0286022   .0064805    -4.41   0.000    -.0414154   -.0157891
        552  |   .0197062   .0063085     3.12   0.002     .0072332    .0321792
        553  |   .0242508   .0083064     2.92   0.004     .0078275    .0406741
        554  |   .0194519   .0093918     2.07   0.040     .0008826    .0380213
        555  |   .0096159    .009363     1.03   0.306    -.0088964    .0281282
        556  |   .0305023   .0123603     2.47   0.015     .0060639    .0549408
        557  |    .058241   .0132895     4.38   0.000     .0319653    .0845167
        558  |   .0321999   .0139543     2.31   0.023     .0046098    .0597901
        559  |     .00876   .0137632     0.64   0.526    -.0184523    .0359722
        560  |  -.0284814   .0109943    -2.59   0.011     -.050219   -.0067438
        561  |  -.0541458   .0090273    -6.00   0.000    -.0719943   -.0362973
        562  |  -.0495289   .0079943    -6.20   0.000     -.065335   -.0337228
        563  |  -.0091993   .0068942    -1.33   0.184    -.0228304    .0044318
        564  |   .0273164   .0074609     3.66   0.000      .012565    .0420678
        565  |   .0485399   .0076965     6.31   0.000     .0333226    .0637571
        566  |   .0367387    .008294     4.43   0.000     .0203401    .0531374
        567  |   .0076987   .0094718     0.81   0.418    -.0110288    .0264261
        568  |   .0388337   .0113585     3.42   0.001     .0163759    .0612914
        569  |   .0694857   .0114885     6.05   0.000     .0467708    .0922006
        570  |   .0694731   .0127697     5.44   0.000     .0442251    .0947211
        571  |   .0796218   .0131706     6.05   0.000     .0535813    .1056624
        572  |   .0321653   .0109765     2.93   0.004     .0104628    .0538677
        573  |  -.0431856   .0106401    -4.06   0.000    -.0642229   -.0221482
        574  |  -.0462267   .0092066    -5.02   0.000    -.0644299   -.0280236
        575  |  -.0218355   .0078638    -2.78   0.006    -.0373836   -.0062874
        576  |   .0130713   .0064703     2.02   0.045     .0002783    .0258643
        577  |   .0335392   .0068179     4.92   0.000      .020059    .0470194
        578  |   .0292595   .0081475     3.59   0.000     .0131505    .0453686
        579  |   .0118789   .0094319     1.26   0.210    -.0067696    .0305274
        580  |   .0173788   .0099627     1.74   0.083    -.0023192    .0370767
        581  |     .04103   .0105953     3.87   0.000     .0200812    .0619789
        582  |   .0724941   .0129315     5.61   0.000     .0469263    .0980619
        583  |   .0724405   .0130118     5.57   0.000     .0467138    .0981671
        584  |   .0578721   .0119402     4.85   0.000     .0342643      .08148
        585  |  -.0167513    .009411    -1.78   0.077    -.0353586     .001856
        586  |  -.0180064   .0091245    -1.97   0.050    -.0360471    .0000344
        587  |  -.0140321   .0085023    -1.65   0.101    -.0308426    .0027785
        588  |   .0207191   .0070387     2.94   0.004     .0068023    .0346359
        589  |   .0248575    .006361     3.91   0.000     .0122806    .0374344
        590  |   .0266244   .0080945     3.29   0.001     .0106202    .0426286
        591  |   .0131394   .0083238     1.58   0.117    -.0033184    .0295971
        592  |   .0168238   .0106871     1.57   0.118    -.0043064     .037954
        593  |   .0536741    .011389     4.71   0.000      .031156    .0761923
        594  |   .0854206    .011737     7.28   0.000     .0622144    .1086267
        595  |   .0902382   .0122405     7.37   0.000     .0660365    .1144399
        596  |   .0672638   .0114503     5.87   0.000     .0446245    .0899031
        597  |  -.0075997   .0096854    -0.78   0.434    -.0267494      .01155
        598  |   -.044957   .0090638    -4.96   0.000    -.0628777   -.0270363
        599  |  -.0270608   .0078904    -3.43   0.001    -.0426615   -.0114601
        600  |   .0168197   .0075745     2.22   0.028     .0018436    .0317958
        601  |    .023628   .0074734     3.16   0.002     .0088519    .0384042
        602  |    .013851   .0077688     1.78   0.077    -.0015094    .0292113
        603  |   .0000436    .007638     0.01   0.995    -.0150581    .0151453
        604  |   .0166455   .0103238     1.61   0.109    -.0037665    .0370576
        605  |   .0607253    .011563     5.25   0.000     .0378631    .0835875
        606  |   .0862431   .0110011     7.84   0.000     .0644921    .1079942
        607  |   .0751848    .012603     5.97   0.000     .0502665    .1001031
        608  |   .0526185   .0120301     4.37   0.000     .0288328    .0764041
        609  |  -.0327497   .0099678    -3.29   0.001    -.0524578   -.0130416
        610  |  -.0581774   .0092752    -6.27   0.000    -.0765162   -.0398386
        611  |  -.0420742   .0078301    -5.37   0.000    -.0575557   -.0265926
        612  |  -.0029631   .0069248    -0.43   0.669    -.0166546    .0107284
        613  |   .0156934   .0077746     2.02   0.045     .0003217    .0310651
        614  |   .0123038   .0086153     1.43   0.155    -.0047303    .0293378
        615  |    .002608   .0087492     0.30   0.766    -.0146906    .0199067
        616  |    .018647   .0114681     1.63   0.106    -.0040275    .0413216
        617  |   .0392642    .011539     3.40   0.001     .0164496    .0620788
        618  |   .0223403   .0134767     1.66   0.100    -.0043055    .0489861
        619  |   .0279545    .015893     1.76   0.081    -.0034687    .0593778
        620  |    .019755   .0158213     1.25   0.214    -.0115264    .0510365
        621  |  -.0614161   .0112152    -5.48   0.000    -.0835906   -.0392416
        622  |  -.0855904    .009735    -8.79   0.000    -.1048382   -.0663427
        623  |  -.0685097   .0087227    -7.85   0.000     -.085756   -.0512634
        624  |  -.0137517   .0079754    -1.72   0.087    -.0295205     .002017
        625  |   .0052145   .0092251     0.57   0.573    -.0130251    .0234541
        626  |    .009008   .0096246     0.94   0.351    -.0100216    .0280376
        627  |   .0064642   .0111164     0.58   0.562    -.0155149    .0284433
        628  |   .0361329   .0111703     3.23   0.002     .0140474    .0582185
        629  |   .0591367    .012338     4.79   0.000     .0347423    .0835311
        630  |   .0576977    .012598     4.58   0.000     .0327892    .0826062
        631  |   .0293721   .0155175     1.89   0.060    -.0013087     .060053
        632  |  -.0243981   .0124036    -1.97   0.051    -.0489222     .000126
        633  |  -.0643555   .0118591    -5.43   0.000    -.0878031    -.040908
        634  |  -.0740399   .0106994    -6.92   0.000    -.0951944   -.0528853
        635  |  -.0384583   .0092956    -4.14   0.000    -.0568374   -.0200792
        636  |   .0102384    .007926     1.29   0.199    -.0054327    .0259094
        637  |   .0296061   .0079595     3.72   0.000     .0138688    .0453434
        638  |   .0441021   .0085674     5.15   0.000     .0271628    .0610415
        639  |   .0455702   .0092397     4.93   0.000     .0273017    .0638386
        640  |   .0328075   .0096777     3.39   0.001      .013673     .051942
        641  |   .0760558   .0114149     6.66   0.000     .0534864    .0986251
        642  |   .0985276   .0116287     8.47   0.000     .0755356    .1215196
        643  |   .0772975   .0115334     6.70   0.000     .0544939     .100101
        644  |   .0451893   .0115162     3.92   0.000     .0224198    .0679588
        645  |    -.03075   .0113711    -2.70   0.008    -.0532327   -.0082673
        646  |  -.0537618   .0102817    -5.23   0.000    -.0740906    -.033433
        647  |  -.0184294   .0089948    -2.05   0.042    -.0362137   -.0006451
        648  |   .0133921   .0070262     1.91   0.059    -.0004999    .0272841
        649  |   .0351108   .0087016     4.03   0.000     .0179062    .0523155
        650  |   .0264451   .0082403     3.21   0.002     .0101525    .0427376
        651  |  -.0133475   .0109414    -1.22   0.225    -.0349806    .0082856
        652  |   .0140304   .0130537     1.07   0.284     -.011779    .0398398
        653  |   .0535994   .0135727     3.95   0.000     .0267639     .080435
        654  |   .0488212   .0124578     3.92   0.000     .0241898    .0734525
        655  |   .0715105   .0133788     5.35   0.000     .0450582    .0979627
        656  |   .0386495   .0121414     3.18   0.002     .0146438    .0626551
        657  |  -.0275998   .0098357    -2.81   0.006    -.0470468   -.0081528
        658  |   -.038382   .0091338    -4.20   0.000     -.056441   -.0203229
        659  |  -.0102003   .0083297    -1.22   0.223    -.0266697    .0062691
        660  |   .0373457    .008129     4.59   0.000     .0212732    .0534183
        661  |   .0644732   .0090565     7.12   0.000      .046567    .0823795
        662  |   .0622702   .0091493     6.81   0.000     .0441803      .08036
        663  |   .0280715   .0102235     2.75   0.007     .0078579    .0482852
        664  |   .0463009   .0116527     3.97   0.000     .0232614    .0693403
        665  |    .068097   .0120626     5.65   0.000     .0442471    .0919468
        666  |   .0903203   .0128067     7.05   0.000     .0649991    .1156415
        667  |   .0895733   .0166271     5.39   0.000     .0566984    .1224481
        668  |   .0635336    .014089     4.51   0.000     .0356771    .0913901
        669  |  -.0294655   .0117512    -2.51   0.013    -.0526997   -.0062313
        670  |  -.0452632    .011447    -3.95   0.000    -.0678959   -.0226305
        671  |  -.0260002   .0105316    -2.47   0.015    -.0468231   -.0051773
        672  |   .0272661   .0081335     3.35   0.001     .0111847    .0433475
        673  |   .0457071   .0080159     5.70   0.000     .0298583    .0615559
        674  |   .0334955   .0095964     3.49   0.001     .0145216    .0524694
        675  |   .0102193   .0104618     0.98   0.330    -.0104656    .0309042
        676  |   .0592262   .0127208     4.66   0.000     .0340748    .0843775
        677  |   .0859022   .0123736     6.94   0.000     .0614374     .110367
        678  |   .1126687   .0132858     8.48   0.000     .0864004     .138937
        679  |   .1062403   .0139789     7.60   0.000     .0786015    .1338791
        680  |   .0702363   .0133866     5.25   0.000     .0437686     .096704
        681  |  -.0334551   .0110838    -3.02   0.003    -.0553696   -.0115405
        682  |  -.0413228    .010841    -3.81   0.000    -.0627573   -.0198883
        683  |  -.0315458   .0092085    -3.43   0.001    -.0497527   -.0133389
        684  |   .0278961    .007621     3.66   0.000     .0128281    .0429642
        685  |   .0389477   .0084553     4.61   0.000     .0222301    .0556653
        686  |    .051327   .0091925     5.58   0.000     .0331519    .0695022
        687  |    .019131   .0100578     1.90   0.059     -.000755     .039017
        688  |   .0498878   .0117297     4.25   0.000     .0266962    .0730794
        689  |    .090633   .0121473     7.46   0.000     .0666156    .1146504
        690  |   .1190133    .012703     9.37   0.000     .0938971    .1441294
        696  |   .0396755   .0081677     4.86   0.000     .0235265    .0558245
        697  |   .0608269   .0086391     7.04   0.000     .0437458    .0779079
        698  |   .0424042   .0108201     3.92   0.000      .021011    .0637974
        699  |   .0370078   .0119608     3.09   0.002     .0133592    .0606563
        700  |    .029669   .0146039     2.03   0.044     .0007944    .0585436
        701  |   .0697004   .0126715     5.50   0.000     .0446465    .0947542
        702  |   .0683003   .0382522     1.79   0.076    -.0073311    .1439317
             |
       _cons |   6.422755   .0154954   414.49   0.000     6.392118    6.453393
-------------+----------------------------------------------------------------
     sigma_u |  .14714874
     sigma_e |  .07992748
         rho |  .77217762   (fraction of variance due to u_i)
------------------------------------------------------------------------------
(est1 stored)

. 
. esttab using "STATA/results/py_temp/py_result.csv", cells("b(fmt(4)) se(fmt(4
> )) p(fmt(4)star)") replace r2 plain
(output written to STATA/results/py_temp/py_result.csv)

. 
. predict predictions, xb 

. //predictions 
. predict predictions_u, xbu

. //predictions plus the fixed effect
. predict residuals, residual

. //residuals from standardized errors?
. predict stnderror, stdp

. //standardized error
. predict u, u

. predict e, e

. export delimited locale date month year dateid x y `y' weight count price adj
> _price adj_revenue lat lon predictions predictions_u residuals stnderror u e 
> using "STATA/outputs/py_temp/pyout.csv", replace
file STATA/outputs/py_temp/pyout.csv saved

. 
. clear

. 
end of do-file
