
  ___  ____  ____  ____  ____ (R)
 /__    /   ____/   /   ____/
___/   /   /___/   /   /___/   15.1   Copyright 1985-2017 StataCorp LLC
  Statistics/Data Analysis            StataCorp
                                      4905 Lakeway Drive
                                      College Station, Texas 77845 USA
                                      800-STATA-PC        http://www.stata.com
                                      979-696-4600        stata@stata.com
                                      979-696-4601 (fax)

Single-user Stata license expires 19 Mar 2019:
       Serial number:  301509290780
         Licensed to:  Travis Williams
                       University of Colorado Boulder

Notes:
      1.  Stata is running in batch mode.
      2.  Unicode is supported; see help unicode_advice.

. do "G:\My Drive\NOT THESIS\Shrum-Williams\project\STATA\models\py_template.do
> " logweight spring1 summer1 

. //clear everything out
. clear all

. 
. //Set variables from subroutine calls
. local y `1'

. local x1 `2'

. local x3 `3'

. 
. //Increase matrix size
. set matsize 600

. 
. // set working directory
. //cd "G:\my drive\shrum-williams\project"
. 
. // import data
. import delimited "data\tables\noaa_500_standardized.csv"
file data\tables\noaa_500_standardized.csv not found
r(601);

end of do-file
r(601);
